// Jest Snapshot v1, https://goo.gl/fbAQLP

exports[`renders Header component 1`] = `
<DocumentFragment>
  <header
    class="background-style"
  >
    <nav>
      <h1>
        Math Magicians
      </h1>
      <button
        class="background-style"
        id="mobile-nav"
        type="button"
      >
        <span />
        <span />
        <span />
      </button>
      <ul
        id="desktop-nav"
      >
        <li>
          <a
            href="/"
          >
            Home
          </a>
        </li>
        <li>
          <a
            href="/calculator"
          >
            Calculator
          </a>
        </li>
        <li>
          <a
            href="/quote"
          >
            Quote
          </a>
        </li>
      </ul>
    </nav>
  </header>
</DocumentFragment>
`;
